---
- path: "Runner_mobilize(test)/jobs"
  state: working
  count: 1
  confirmed_ats: []
- path: "Runner_mobilize(test)/jobs/ssh1/stage1"
  state: working
  count: 1
  confirmed_ats: []
- path: "Runner_mobilize(test)/jobs/ssh1/stage2"
  state: working
  count: 1
  confirmed_ats: []
- path: "Runner_mobilize(test)/jobs/ssh2/stage1"
  state: working
  count: 1
  confirmed_ats: []
- path: "Runner_mobilize(test)/jobs/ssh2/stage2"
  state: working
  count: 1
  confirmed_ats: []
- path: "Runner_mobilize(test)/jobs/ssh3/stage1"
  state: working
  count: 1
  confirmed_ats: []
- path: "Runner_mobilize(test)/jobs/ssh3/stage2"
  state: working
  count: 1
  confirmed_ats: []
- path: "Runner_mobilize(test)/jobs/ssh4/stage1"
  state: working
  count: 1
  confirmed_ats: []
- path: "Runner_mobilize(test)/jobs/ssh4/stage2"
  state: working
  count: 1
  confirmed_ats: []
